[icc2-lic Sun May 24 23:30:35 2026] Command 'check_routes' requires licenses
[icc2-lic Sun May 24 23:30:35 2026] Attempting to check-out alternate set of keys directly with queueing
[icc2-lic Sun May 24 23:30:35 2026] Sending count request for 'ICCompilerII-8' 
[icc2-lic Sun May 24 23:30:35 2026] Count request for 'ICCompilerII-8' returned 1 
[icc2-lic Sun May 24 23:30:35 2026] Sending check-out request for 'ICCompilerII-8' (1) with wait option
[icc2-lic Sun May 24 23:30:35 2026] Check-out request for 'ICCompilerII-8' with wait option succeeded
[icc2-lic Sun May 24 23:30:35 2026] Sending checkout check request for 'ICCompilerII-8' 
[icc2-lic Sun May 24 23:30:35 2026] Checkout check request for 'ICCompilerII-8' returned 0 
[icc2-lic Sun May 24 23:30:35 2026] Sending count request for 'ICCompilerII-8' 
[icc2-lic Sun May 24 23:30:35 2026] Count request for 'ICCompilerII-8' returned 1 
[icc2-lic Sun May 24 23:30:35 2026] Sending count request for 'ICCompilerII-NX' 
[icc2-lic Sun May 24 23:30:35 2026] Count request for 'ICCompilerII-NX' returned 1 
[icc2-lic Sun May 24 23:30:35 2026] Sending check-out request for 'ICCompilerII-NX' (1) with wait option
[icc2-lic Sun May 24 23:30:35 2026] Check-out request for 'ICCompilerII-NX' with wait option succeeded
[icc2-lic Sun May 24 23:30:35 2026] Sending checkout check request for 'ICCompilerII-NX' 
[icc2-lic Sun May 24 23:30:35 2026] Checkout check request for 'ICCompilerII-NX' returned 0 
[icc2-lic Sun May 24 23:30:35 2026] Sending count request for 'ICCompilerII-NX' 
[icc2-lic Sun May 24 23:30:35 2026] Count request for 'ICCompilerII-NX' returned 1 
[icc2-lic Sun May 24 23:30:35 2026] Check-out of alternate set of keys directly with queueing was successful
Cell Min-Routing-Layer = M1
Cell Max-Routing-Layer = TOP_M
Turn off antenna since no rule is specified
Information: Option route.detail.force_end_on_preferred_grid will be ignored since none of the layers have preferred grid. (ZRT-703)
Warning: Port VDD of cell cts
        is unplaced.  This may impact routing result. (ZRT-740)
Warning: Port VSS of cell cts
        is unplaced.  This may impact routing result. (ZRT-740)
Warning: Ignore 2 top cell ports with no pins. (ZRT-027)
Info: number of net_type_blockage: 0 
Information: Via ladder engine would be activated for pattern must join connection in certain commands. Please refer to man-page for the command list. (ZRT-619)
Information: When applicable Min-max layer allow_pin_connection mode will allow paths of length 9.98 outside the layer range. (ZRT-707)
Information: When applicable Min-max layer allow_pin_connection mode will allow paths of length 9.98 outside the layer range on clock nets. (ZRT-718)
Information: When applicable layer based tapering will taper up to 0.00 in distance from the pin. (ZRT-706)
Warning: PG net VSS has a path shape with shape_use detail_route and it is too long. Long part of the shape is located at (1971.380, 1217.060) (1971.660, 1295.740). The shape's BBox is (1971.380, 1217.060) (1971.660, 1295.740). (ZRT-142)


Start checking for open nets ... 

Total number of nets = 57786, of which 0 are not extracted
Total number of open nets = 0, of which 0 are frozen

Check 57786 nets, 0 have Errors

[CHECK OPEN NETS] Elapsed real time: 0:00:00 
[CHECK OPEN NETS] Elapsed cpu  time: sys=0:00:00 usr=0:00:00 total=0:00:00
[CHECK OPEN NETS] Stage (MB): Used    0  Alloctr    0  Proc    0 
[CHECK OPEN NETS] Total (MB): Used  129  Alloctr  130  Proc 14423 
Printing options for 'route.common.*'
common.eco_route_fix_existing_drc                       :	 true                
common.verbose_level                                    :	 0                   

Printing options for 'route.detail.*'
detail.eco_route_use_soft_spacing_for_timing_optimization:	 true                

Printing options for 'route.auto_via_ladder.*'


Begin full DRC check ...

Information: Using 1 threads for routing. (ZRT-444)
Checked	1/81 Partitions, Violations =	0
Checked	3/81 Partitions, Violations =	0
Checked	6/81 Partitions, Violations =	0
Checked	9/81 Partitions, Violations =	0
Checked	12/81 Partitions, Violations =	0
Checked	15/81 Partitions, Violations =	0
Checked	18/81 Partitions, Violations =	0
Checked	21/81 Partitions, Violations =	0
Checked	24/81 Partitions, Violations =	0
Checked	27/81 Partitions, Violations =	0
Checked	30/81 Partitions, Violations =	0
Checked	33/81 Partitions, Violations =	0
Checked	36/81 Partitions, Violations =	0
Checked	39/81 Partitions, Violations =	0
Checked	42/81 Partitions, Violations =	0
Checked	45/81 Partitions, Violations =	0
Checked	48/81 Partitions, Violations =	0
Checked	51/81 Partitions, Violations =	0
Checked	54/81 Partitions, Violations =	0
Checked	57/81 Partitions, Violations =	0
Checked	60/81 Partitions, Violations =	0
Checked	63/81 Partitions, Violations =	0
Checked	66/81 Partitions, Violations =	0
Checked	69/81 Partitions, Violations =	0
Checked	72/81 Partitions, Violations =	0
Checked	75/81 Partitions, Violations =	0
Checked	78/81 Partitions, Violations =	0
Checked	81/81 Partitions, Violations =	0
[DRC CHECK] Elapsed real time: 0:00:19 
[DRC CHECK] Elapsed cpu  time: sys=0:00:00 usr=0:00:19 total=0:00:19
[DRC CHECK] Stage (MB): Used    0  Alloctr    0  Proc    0 
[DRC CHECK] Total (MB): Used  207  Alloctr  209  Proc 14423 
Warning: No antenna rules defined, Skip antenna analysis. (ZRT-309)

DRC-SUMMARY:
	@@@@@@@ TOTAL VIOLATIONS =	0


Total Wire Length =                    8114302 micron
Total Number of Contacts =             567773
Total Number of Wires =                581864
Total Number of PtConns =              60890
Total Number of Routed Wires =       570969
Total Routed Wire Length =           8090522 micron
Total Number of Routed Contacts =       567773
	Layer          M1 :      85936 micron
	Layer          M2 :    1764250 micron
	Layer          M3 :    2626772 micron
	Layer          M4 :    2297618 micron
	Layer          M5 :    1086772 micron
	Layer       TOP_M :     229174 micron
	Via         VIA56 :       1718
	Via         VIA45 :      14906
	Via         VIA34 :      67733
	Via         VIA23 :     254592
	Via    VIA23(rot) :          1
	Via        VIA12A :     210199
	Via   VIA12A(rot) :      18624

 
Redundant via conversion report:
--------------------------------

  Total optimized via conversion rate =  0.00% (0 / 567773 vias)
 
    Layer V2         =  0.00% (0      / 228823  vias)
        Un-optimized =  0.00% (0       vias)
        Un-mapped    = 100.00% (228823  vias)
    Layer V3         =  0.00% (0      / 254593  vias)
        Un-optimized =  0.00% (0       vias)
        Un-mapped    = 100.00% (254593  vias)
    Layer V4         =  0.00% (0      / 67733   vias)
        Un-optimized =  0.00% (0       vias)
        Un-mapped    = 100.00% (67733   vias)
    Layer V5         =  0.00% (0      / 14906   vias)
        Un-optimized =  0.00% (0       vias)
        Un-mapped    = 100.00% (14906   vias)
    Layer TOP_V      =  0.00% (0      / 1718    vias)
        Un-optimized =  0.00% (0       vias)
        Un-mapped    = 100.00% (1718    vias)
 
  Total double via conversion rate    =  0.00% (0 / 567773 vias)
 
    Layer V2         =  0.00% (0      / 228823  vias)
    Layer V3         =  0.00% (0      / 254593  vias)
    Layer V4         =  0.00% (0      / 67733   vias)
    Layer V5         =  0.00% (0      / 14906   vias)
    Layer TOP_V      =  0.00% (0      / 1718    vias)
 
  The optimized via conversion rate based on total routed via count =  0.00% (0 / 567773 vias)
 
    Layer V2         =  0.00% (0      / 228823  vias)
        Un-optimized =  0.00% (0       vias)
        Un-mapped    = 100.00% (228823  vias)
    Layer V3         =  0.00% (0      / 254593  vias)
        Un-optimized =  0.00% (0       vias)
        Un-mapped    = 100.00% (254593  vias)
    Layer V4         =  0.00% (0      / 67733   vias)
        Un-optimized =  0.00% (0       vias)
        Un-mapped    = 100.00% (67733   vias)
    Layer V5         =  0.00% (0      / 14906   vias)
        Un-optimized =  0.00% (0       vias)
        Un-mapped    = 100.00% (14906   vias)
    Layer TOP_V      =  0.00% (0      / 1718    vias)
        Un-optimized =  0.00% (0       vias)
        Un-mapped    = 100.00% (1718    vias)
 


Verify Summary:

Total number of nets = 57786, of which 0 are not extracted
Total number of open nets = 0, of which 0 are frozen
Total number of excluded ports = 0 ports of 0 unplaced cells connected to 0 nets
                                 0 ports without pins of 0 cells connected to 0 nets
                                 0 ports of 0 cover cells connected to 0 non-pg nets
Total number of DRCs = 0
Total number of antenna violations = no antenna rules defined
Total number of tie to rail violations = not checked
Total number of tie to rail directly violations = not checked


