[icc2-lic Mon May 25 10:50:42 2026] Command 'report_power' requires licenses
[icc2-lic Mon May 25 10:50:42 2026] Attempting to check-out alternate set of keys directly with queueing
[icc2-lic Mon May 25 10:50:42 2026] Sending count request for 'ICCompilerII-8' 
[icc2-lic Mon May 25 10:50:42 2026] Count request for 'ICCompilerII-8' returned 1 
[icc2-lic Mon May 25 10:50:42 2026] Sending check-out request for 'ICCompilerII-8' (1) with wait option
[icc2-lic Mon May 25 10:50:42 2026] Check-out request for 'ICCompilerII-8' with wait option succeeded
[icc2-lic Mon May 25 10:50:42 2026] Sending checkout check request for 'ICCompilerII-8' 
[icc2-lic Mon May 25 10:50:42 2026] Checkout check request for 'ICCompilerII-8' returned 0 
[icc2-lic Mon May 25 10:50:42 2026] Sending count request for 'ICCompilerII-8' 
[icc2-lic Mon May 25 10:50:42 2026] Count request for 'ICCompilerII-8' returned 1 
[icc2-lic Mon May 25 10:50:42 2026] Sending count request for 'ICCompilerII-NX' 
[icc2-lic Mon May 25 10:50:42 2026] Count request for 'ICCompilerII-NX' returned 1 
[icc2-lic Mon May 25 10:50:42 2026] Sending check-out request for 'ICCompilerII-NX' (1) with wait option
[icc2-lic Mon May 25 10:50:42 2026] Check-out request for 'ICCompilerII-NX' with wait option succeeded
[icc2-lic Mon May 25 10:50:42 2026] Sending checkout check request for 'ICCompilerII-NX' 
[icc2-lic Mon May 25 10:50:42 2026] Checkout check request for 'ICCompilerII-NX' returned 0 
[icc2-lic Mon May 25 10:50:42 2026] Sending count request for 'ICCompilerII-NX' 
[icc2-lic Mon May 25 10:50:42 2026] Count request for 'ICCompilerII-NX' returned 1 
[icc2-lic Mon May 25 10:50:42 2026] Check-out of alternate set of keys directly with queueing was successful
****************************************
Report : power
        -significant_digits 2
Design : soc_top
Version: U-2022.12-SP3
Date   : Mon May 25 10:50:42 2026
****************************************
Information: Activity propagation will be performed for scenario default.
Information: Doing activity propagation for mode 'default' and corner 'default' with effort level 'medium'. (POW-024)
Information: Timer-derived activity data is cached on scenario default (POW-052)
Infomation: Fast mode activity propagation power.rtl_activity_annotation setup is ignored. Always use accurate mode.
Information: Running switching activity propagation in scalar mode!

 **** Information : No. of simulation cycles = 7 ****
Mode: default
Corner: default
Scenario: default
Voltage: 1.62
Temperature: 125.00

Voltage Unit         : 1V
Capacitance Unit     : 1pF
Time Unit            : 1ns
Temperature Unit     : 1C
Dynamic Power Unit   : 1pW
Leakage Power Unit   : 1pW

Switched supply net power scaling:
scaling for leakage power

Supply nets:
VDD (power) probability 1.00 (default)
VSS (ground) probability 1.00 (default)
Warning: Rise-Fall toggles on pin u_cpu/u_regfile/U777/ZN are impossible given input states; converted to zero toggles. (POW-069)
Warning: Rise-Fall toggles on pin u_cpu/u_regfile/U839/ZN are impossible given input states; converted to zero toggles. (POW-069)
Warning: Rise-Fall toggles on pin u_cpu/u_regfile/U936/ZN are impossible given input states; converted to zero toggles. (POW-069)
Warning: Rise-Fall toggles on pin u_cpu/u_regfile/U996/ZN are impossible given input states; converted to zero toggles. (POW-069)
Warning: Rise-Fall toggles on pin u_cpu/u_regfile/U1344/ZN are impossible given input states; converted to zero toggles. (POW-069)
Warning: Rise-Fall toggles on pin u_cpu/u_regfile/U1530/ZN are impossible given input states; converted to zero toggles. (POW-069)
Warning: Power table extrapolation (extrapolation mode) for port A[0] on cell u_cpu/u_imem/u_imem_sram/u_sram_bank3 for parameter Tinp. Lowest table value = 0.200000, highest table value = 0.200000, value = 1.491985 (POW-046)
Warning: Power table extrapolation (extrapolation mode) for port A[1] on cell u_cpu/u_imem/u_imem_sram/u_sram_bank3 for parameter Tinp. Lowest table value = 0.200000, highest table value = 0.200000, value = 1.528072 (POW-046)
Warning: Power table extrapolation (extrapolation mode) for port A[2] on cell u_cpu/u_imem/u_imem_sram/u_sram_bank3 for parameter Tinp. Lowest table value = 0.200000, highest table value = 0.200000, value = 1.510220 (POW-046)
Warning: Power table extrapolation (extrapolation mode) for port A[3] on cell u_cpu/u_imem/u_imem_sram/u_sram_bank3 for parameter Tinp. Lowest table value = 0.200000, highest table value = 0.200000, value = 1.899700 (POW-046)
Warning: Power table extrapolation (extrapolation mode) for port A[4] on cell u_cpu/u_imem/u_imem_sram/u_sram_bank3 for parameter Tinp. Lowest table value = 0.200000, highest table value = 0.200000, value = 1.441193 (POW-046)
Warning: Power table extrapolation (extrapolation mode) for port A[5] on cell u_cpu/u_imem/u_imem_sram/u_sram_bank3 for parameter Tinp. Lowest table value = 0.200000, highest table value = 0.200000, value = 1.381912 (POW-046)
Warning: Power table extrapolation (extrapolation mode) for port CE on cell u_cpu/u_imem/u_imem_sram/u_sram_bank3 for parameter Tinp. Lowest table value = 0.200000, highest table value = 0.200000, value = 0.940361 (POW-046)
Warning: Power table extrapolation (extrapolation mode) for port CE on cell u_cpu/u_imem/u_imem_sram/u_sram_bank2 for parameter Tinp. Lowest table value = 0.200000, highest table value = 0.200000, value = 0.941086 (POW-046)
Warning: Power table extrapolation (extrapolation mode) for port CE on cell u_cpu/u_imem/u_imem_sram/u_sram_bank1 for parameter Tinp. Lowest table value = 0.200000, highest table value = 0.200000, value = 0.939541 (POW-046)
Warning: Power table extrapolation (extrapolation mode) for port A[0] on cell u_cpu/u_imem/u_imem_sram/u_sram_bank0 for parameter Tinp. Lowest table value = 0.200000, highest table value = 0.200000, value = 1.491604 (POW-046)
Note - message 'POW-046' limit (10) exceeded. Remainder will be suppressed.
Warning: Rise-Fall toggles on pin ctmTdsLR_2_745/ZN are impossible given input states; converted to zero toggles. (POW-069)
Warning: Rise-Fall toggles on pin ctmTdsLR_1_748/Z are impossible given input states; converted to zero toggles. (POW-069)
Warning: Rise-Fall toggles on pin ctmTdsLR_1_749/Z are impossible given input states; converted to zero toggles. (POW-069)
Warning: Rise-Fall toggles on pin ctmTdsLR_1_752/Z are impossible given input states; converted to zero toggles. (POW-069)
Note - message 'POW-069' limit (10) exceeded. Remainder will be suppressed.

  Cell Internal Power    = 7.96e+09 pW ( 87.8%)
  Net Switching Power    = 1.11e+09 pW ( 12.2%)
Total Dynamic Power      = 9.06e+09 pW (100.0%)

Cell Leakage Power       = 3.36e+06 pW


  Attributes
  ----------
      u  -  User defined power group
      i  -  Includes clock pin internal power

Power Group         Internal Power        Switching Power          Leakage Power            Total Power    (   %  )    Attrs
-----------------------------------------------------------------------------------------------------------------------------
io_pad                    0.00e+00               0.00e+00               0.00e+00               0.00e+00    (  0.0%)         
memory                    3.91e+09               1.01e+08               4.23e+05               4.01e+09    ( 44.3%)         
black_box                 0.00e+00               0.00e+00               0.00e+00               0.00e+00    (  0.0%)         
clock_network             4.04e+09               9.92e+08               7.35e+04               5.03e+09    ( 55.5%)        i
register                  2.88e+06               1.51e+06               1.67e+06               6.06e+06    (  0.1%)         
sequential                0.00e+00               0.00e+00               0.00e+00               0.00e+00    (  0.0%)         
combinational             4.40e+06               1.13e+07               1.19e+06               1.69e+07    (  0.2%)         
-----------------------------------------------------------------------------------------------------------------------------
Total                     7.96e+09 pW            1.11e+09 pW            3.36e+06 pW            9.07e+09 pW
1
